#COLLECTE 4 WINNING_JOBS
##PARALLEL JOB[3] (3,expjob_3) timing=8360 dir=minplacer\00003_pa03_00006_rplan
##PARALLEL JOB[2] (0,expjob_0) timing=8043 dir=minplacer\00000_pa00_00006_rplan
##PARALLEL JOB[1] (2,expjob_2) timing=8017 dir=minplacer\00002_pa02_00006_rplan
##PARALLEL JOB[0] (1,expjob_1) timing=8017 dir=minplacer\00001_pa01_00006_rplan
PrePlaceDly=34148
#PLC_RUNDIR=minplacer\00001_pa01_00003_wl timing=4408 cg=0
PlaceDly=4408
TWL=3220
PEAKMEM=1304MB
#PLC_RUNDIR=minplacer\00001_pa01_00004_repopt timing=4408 cg=0
PlaceDly=4408
TWL=3220
PEAKMEM=1337MB
#PLC_RUNDIR=minplacer\00001_pa01_00005_post timing=8017 cg=0
PostIter=27
PlaceDly=8017
TWL=7940
PEAKMEM=1415MB
TotPostIter=27
#PLC_RUNDIR=minplacer\00001_pa01_00006_rplan timing=8017 cg=50
FinderPnRatio=50
FinderPnIter=0
PlaceDly=8017
PEAKMEM=1374MB
ParWin                              =expjob_1
