net 3: (21 19)->(20 18) 0 3 0 0 #timing (724 724) ps polarity 1
net 3: (20 18)->(22 18) 1 2 0 0 #timing (863 853) ps polarity 0
net 3: (22 18)->(22 18) 5 0 1 0 #timing (976 1025) ps polarity 1
net 3: (22 18)->(22 3) 13 1 1 0 #timing (1674 1503) ps polarity 0
net 3: (22 3)->(22 3) 5 0 0 1 #timing (1901 1744) ps  polarity 0
net 3: (22 3)->(26 3) 4 5 0 1 #timing (2253 2045) ps  polarity 1
net 3: (26 3)->(24 1) 1 3 0 1 #timing (2542 2269) ps  polarity 0
net 3: (24 1)->(25 0) 0 3 0 1 #timing (2439 2704) ps  polarity 1
net 4: (26 12)->(27 13) 0 3 0 0 #timing (674 675) ps polarity 1
net 4: (27 13)->(25 15) 1 3 0 0 #timing (832 813) ps polarity 0
net 4: (25 15)->(25 19) 3 4 0 0 #timing (1165 1161) ps polarity 0
net 4: (25 19)->(25 19) 5 0 1 0 #timing (1300 1308) ps polarity 1
net 4: (25 19)->(8 19) 13 2 1 0 #timing (1966 1833) ps polarity 0
net 4: (8 19)->(8 27) 5 1 0 1 #timing (2594 2443) ps  polarity 1
net 4: (8 27)->(10 27) 1 2 0 1 #timing (2687 2789) ps  polarity 0
net 4: (10 27)->(10 27) 0 0 0 1 #timing (2901 2804) ps  polarity 1
net 5: (26 9)->(26 9) 0 0 0 0 #timing (726 726) ps polarity 1
net 5: (26 9)->(24 11) 1 3 0 0 #timing (854 840) ps polarity 0
net 5: (24 11)->(24 11) 5 0 1 0 #timing (965 1025) ps polarity 1
net 5: (24 11)->(9 11) 13 2 1 0 #timing (1771 1575) ps polarity 0
net 5: (9 11)->(9 26) 13 1 1 0 #timing (2245 2349) ps polarity 1
net 5: (9 26)->(9 26) 5 0 1 1 #timing (2544 2664) ps  polarity 1
net 5: (9 26)->(11 26) 1 2 0 1 #timing (2765 2857) ps  polarity 1
net 5: (11 26)->(10 27) 0 3 0 1 #timing (2961 2900) ps  polarity 0
net 6: (22 31)->(23 31) 0 2 0 0 #timing (798 798) ps polarity 0
net 6: (23 31)->(21 29) 1 3 0 0 #timing (992 947) ps polarity 1
net 6: (21 29)->(21 29) 5 0 1 0 #timing (1069 1158) ps polarity 0
net 6: (21 29)->(21 21) 5 1 0 1 #timing (1378 1480) ps  polarity 1
net 6: (21 21)->(21 17) 3 1 0 1 #timing (1925 1706) ps  polarity 1
net 6: (21 17)->(21 19) 1 1 0 1 #timing (2069 1842) ps  polarity 0
net 6: (21 19)->(20 19) 0 2 0 1 #timing (1985 2215) ps  polarity 1
net 7: (20 20)->(20 20) 0 0 0 0 #timing (166 166) ps polarity 0
net 7: (20 20)->(20 22) 1 1 0 0 #timing (282 271) ps polarity 1
net 7: (20 22)->(20 20) 1 1 0 1 #timing (570 521) ps  polarity 0
net 7: (20 20)->(21 21) 0 3 0 1 #timing (676 727) ps  polarity 1
net 7: (20 22)->(16 22) 4 2 0 0 #timing (571 580) ps polarity 1
net 7: (16 22)->(18 22) 1 2 0 1 #timing (840 787) ps  polarity 0
net 7: (18 22)->(18 23) 0 1 0 1 #timing (898 972) ps  polarity 1
net 7: (20 20)->(20 21) 0 1 0 0 #timing (183 183) ps polarity 0
net 7: (20 21)->(20 23) 1 1 0 0 #timing (301 290) ps polarity 1
net 7: (20 23)->(20 19) 3 1 0 0 #timing (620 599) ps polarity 1
net 7: (20 19)->(20 19) 1 0 1 1 #timing (831 775) ps  polarity 0
net 7: (20 19)->(20 19) 0 0 0 1 #timing (911 952) ps  polarity 1
net 7: (20 20)->(21 20) 0 2 0 0 #timing (180 180) ps polarity 0
net 7: (21 20)->(21 20) 1 0 0 0 #timing (261 262) ps polarity 1
net 7: (21 20)->(21 20) 1 0 1 1 #timing (464 432) ps  polarity 0
net 7: (21 20)->(20 20) 0 2 0 1 #timing (552 576) ps  polarity 1
net 7: (21 20)->(20 21) 0 3 0 1 #timing (577 588) ps  polarity 1
net 8: (23 31)->(23 30) 0 1 0 0 #timing (764 764) ps polarity 1
net 8: (23 30)->(21 28) 1 3 0 0 #timing (963 924) ps polarity 0
net 8: (21 28)->(21 24) 3 1 0 0 #timing (1219 1239) ps polarity 0
net 8: (21 24)->(21 24) 5 0 1 0 #timing (1354 1384) ps polarity 1
net 8: (21 24)->(21 16) 5 1 0 1 #timing (1682 1720) ps  polarity 0
net 8: (21 16)->(21 18) 1 1 0 1 #timing (1964 1880) ps  polarity 1
net 8: (21 18)->(20 19) 0 3 0 1 #timing (2058 2134) ps  polarity 0
net 9: (21 20)->(21 20) 0 0 0 0 #timing (162 162) ps polarity 1
net 9: (21 20)->(23 22) 1 3 0 0 #timing (311 286) ps polarity 0
net 9: (23 22)->(21 20) 1 3 0 1 #timing (621 550) ps  polarity 1
net 9: (21 20)->(21 20) 0 0 0 1 #timing (647 753) ps  polarity 0
net 9: (23 22)->(23 26) 3 4 0 0 #timing (654 647) ps polarity 0
net 9: (23 26)->(19 26) 4 2 0 0 #timing (929 906) ps polarity 0
net 9: (19 26)->(19 24) 1 1 0 1 #timing (1171 1152) ps  polarity 1
net 9: (19 24)->(19 24) 0 0 0 1 #timing (1294 1315) ps  polarity 0
net 9: (19 26)->(17 26) 1 2 0 1 #timing (1159 1144) ps  polarity 1
net 9: (17 26)->(17 26) 0 0 0 1 #timing (1292 1317) ps  polarity 0
net 10: (18 23)->(18 23) 0 0 0 0 #timing (155 155) ps polarity 1
net 10: (18 23)->(18 23) 1 0 0 0 #timing (230 233) ps polarity 0
net 10: (18 23)->(18 23) 1 0 1 1 #timing (435 404) ps  polarity 1
net 10: (18 23)->(18 23) 0 0 0 1 #timing (531 552) ps  polarity 0
net 10: (18 23)->(18 19) 3 1 0 0 #timing (550 479) ps polarity 0
net 10: (18 19)->(22 19) 4 2 0 0 #timing (831 744) ps polarity 0
net 10: (22 19)->(20 19) 1 2 0 1 #timing (1003 1043) ps  polarity 1
net 10: (20 19)->(21 19) 0 2 0 1 #timing (1174 1149) ps  polarity 0
net 10: (18 23)->(22 23) 4 2 0 0 #timing (499 473) ps polarity 0
net 10: (22 23)->(22 23) 5 0 1 0 #timing (625 611) ps polarity 1
net 10: (22 23)->(22 7) 13 1 0 0 #timing (1281 1167) ps polarity 0
net 10: (22 7)->(22 7) 5 0 0 1 #timing (1519 1417) ps  polarity 0
net 10: (22 7)->(22 7) 1 0 1 1 #timing (1659 1555) ps  polarity 0
net 10: (22 7)->(22 6) 0 1 0 1 #timing (1748 1805) ps  polarity 1
net 10: (18 23)->(18 22) 0 1 0 0 #timing (161 161) ps polarity 1
net 10: (18 22)->(18 22) 1 0 0 0 #timing (238 240) ps polarity 0
net 10: (18 22)->(18 18) 3 1 0 0 #timing (497 453) ps polarity 0
net 10: (18 18)->(18 18) 5 0 0 0 #timing (617 588) ps polarity 1
net 10: (18 18)->(26 18) 5 2 0 1 #timing (983 945) ps  polarity 0
net 10: (26 18)->(26 14) 3 4 0 1 #timing (1378 1311) ps  polarity 0
net 10: (26 14)->(24 12) 1 3 0 1 #timing (1552 1459) ps  polarity 1
net 10: (24 12)->(24 12) 0 0 0 1 #timing (1577 1684) ps  polarity 0
net 11: (24 12)->(24 13) 0 1 0 0 #timing (698 698) ps polarity 1
net 11: (24 13)->(26 15) 1 3 0 0 #timing (849 830) ps polarity 0
net 11: (26 15)->(26 11) 3 1 0 0 #timing (1131 1131) ps polarity 0
net 11: (26 11)->(22 11) 4 5 0 0 #timing (1468 1419) ps polarity 0
net 11: (22 11)->(22 7) 3 4 0 1 #timing (1941 1864) ps  polarity 0
net 11: (22 7)->(22 5) 1 1 0 1 #timing (2086 2001) ps  polarity 1
net 11: (22 5)->(23 4) 0 3 0 1 #timing (2141 2232) ps  polarity 0
net 11: (26 15)->(26 19) 3 4 0 0 #timing (1165 1148) ps polarity 0
net 11: (26 19)->(22 19) 4 5 0 0 #timing (1496 1432) ps polarity 0
net 11: (22 19)->(22 19) 1 0 1 1 #timing (1634 1672) ps  polarity 1
net 11: (22 19)->(22 19) 0 0 0 1 #timing (1832 1767) ps  polarity 0
net 12: (23 4)->(23 4) 0 0 0 0 #timing (679 679) ps polarity 1
net 12: (23 4)->(21 6) 1 3 0 0 #timing (818 802) ps polarity 0
net 12: (21 6)->(23 4) 1 3 0 1 #timing (1119 1064) ps  polarity 1
net 12: (23 4)->(22 4) 0 2 0 1 #timing (1213 1276) ps  polarity 0
net 12: (21 6)->(21 10) 3 4 0 0 #timing (1166 1141) ps polarity 0
net 12: (21 10)->(25 10) 4 5 0 0 #timing (1523 1453) ps polarity 0
net 12: (25 10)->(27 10) 1 2 0 1 #timing (1707 1733) ps  polarity 1
net 12: (27 10)->(27 10) 0 0 0 1 #timing (1831 1840) ps  polarity 0
net 13: (22 4)->(22 4) 0 0 0 0 #timing (671 671) ps polarity 1
net 13: (22 4)->(20 6) 1 3 0 0 #timing (836 809) ps polarity 0
net 13: (20 6)->(22 4) 1 3 0 1 #timing (1177 1100) ps  polarity 1
net 13: (22 4)->(23 5) 0 3 0 1 #timing (1247 1350) ps  polarity 0
net 13: (20 6)->(20 10) 3 4 0 0 #timing (1218 1197) ps polarity 0
net 13: (20 10)->(24 10) 4 5 0 0 #timing (1627 1532) ps polarity 0
net 13: (24 10)->(26 10) 1 2 0 1 #timing (1769 1827) ps  polarity 1
net 13: (26 10)->(26 10) 0 0 0 1 #timing (1939 1884) ps  polarity 0
net 14: (23 5)->(23 5) 0 0 0 0 #timing (216 216) ps polarity 1
net 14: (23 5)->(21 7) 1 3 0 0 #timing (364 344) ps polarity 0
net 14: (21 7)->(23 5) 1 3 0 1 #timing (664 601) ps  polarity 1
net 14: (23 5)->(22 5) 0 2 0 1 #timing (753 828) ps  polarity 0
net 14: (21 7)->(21 11) 3 4 0 0 #timing (750 715) ps polarity 0
net 14: (21 11)->(25 11) 4 5 0 0 #timing (1126 1040) ps polarity 0
net 14: (25 11)->(27 11) 1 2 0 1 #timing (1282 1333) ps  polarity 1
net 14: (27 11)->(27 11) 0 0 0 1 #timing (1461 1436) ps  polarity 0
net 15: (22 5)->(23 4) 0 3 0 0 #timing (204 204) ps polarity 1
net 15: (23 4)->(21 4) 1 2 0 0 #timing (353 330) ps polarity 0
net 15: (21 4)->(23 6) 1 3 0 1 #timing (632 567) ps  polarity 1
net 15: (23 6)->(22 6) 0 2 0 1 #timing (714 796) ps  polarity 0
net 15: (21 4)->(21 8) 3 4 0 0 #timing (656 633) ps polarity 0
net 15: (21 8)->(25 8) 4 5 0 0 #timing (1029 957) ps polarity 0
net 15: (25 8)->(27 10) 1 3 0 1 #timing (1232 1253) ps  polarity 1
net 15: (27 10)->(26 11) 0 3 0 1 #timing (1379 1396) ps  polarity 0
net 16: (23 6)->(23 7) 0 1 0 0 #timing (741 741) ps polarity 1
net 16: (23 7)->(21 5) 1 3 0 0 #timing (922 884) ps polarity 0
net 16: (21 5)->(23 7) 1 3 0 1 #timing (1239 1151) ps  polarity 1
net 16: (23 7)->(22 6) 0 3 0 1 #timing (1298 1408) ps  polarity 0
net 16: (21 5)->(21 9) 3 4 0 0 #timing (1260 1234) ps polarity 0
net 16: (21 9)->(25 9) 4 5 0 0 #timing (1627 1550) ps polarity 0
net 16: (25 9)->(25 13) 3 1 0 1 #timing (1971 1960) ps  polarity 0
net 16: (25 13)->(27 13) 1 2 0 1 #timing (2158 2124) ps  polarity 1
net 16: (27 13)->(26 12) 0 3 0 1 #timing (2294 2338) ps  polarity 0
net 17: (22 6)->(22 6) 0 0 0 0 #timing (706 706) ps polarity 1
net 17: (22 6)->(22 6) 1 0 0 0 #timing (790 791) ps polarity 0
net 17: (22 6)->(22 6) 5 0 0 0 #timing (893 909) ps polarity 1
net 17: (22 6)->(22 14) 5 1 0 1 #timing (1243 1258) ps  polarity 0
net 17: (22 14)->(26 14) 4 5 0 1 #timing (1543 1508) ps  polarity 0
net 17: (26 14)->(26 12) 1 1 0 1 #timing (1778 1705) ps  polarity 1
net 17: (26 12)->(26 12) 0 0 0 1 #timing (1825 1915) ps  polarity 0
net 20: (9 31)->(8 30) 0 3 0 0 #timing (2 2) ps polarity 1
net 20: (8 30)->(10 30) 1 2 0 0 #timing (166 141) ps polarity 0
net 20: (10 30)->(10 30) 5 0 1 0 #timing (258 313) ps polarity 1
net 20: (10 30)->(10 15) 13 1 1 0 #timing (921 754) ps polarity 0
net 20: (10 15)->(27 15) 13 2 1 0 #timing (1448 1513) ps polarity 1
net 20: (27 15)->(27 15) 5 0 0 1 #timing (1701 1779) ps  polarity 1
net 20: (27 15)->(25 13) 1 3 0 1 #timing (1955 1989) ps  polarity 1
net 20: (25 13)->(24 12) 0 3 0 1 #timing (2156 2144) ps  polarity 0
net 20: (27 15)->(23 15) 4 5 0 1 #timing (2175 2159) ps  polarity 0
net 20: (23 15)->(23 19) 3 4 0 1 #timing (2523 2441) ps  polarity 0
net 20: (23 19)->(23 19) 1 0 1 1 #timing (2647 2566) ps  polarity 1
net 20: (23 19)->(22 19) 0 2 0 1 #timing (2713 2774) ps  polarity 0
net 22: (25 2)->(24 2) 0 2 0 0 #timing (212 212) ps polarity 1
net 22: (24 2)->(24 2) 1 0 0 0 #timing (296 297) ps polarity 0
net 22: (24 2)->(24 2) 5 0 0 0 #timing (400 416) ps polarity 1
net 22: (24 2)->(24 18) 13 1 0 0 #timing (1064 919) ps polarity 0
net 22: (24 18)->(9 18) 13 2 1 0 #timing (1669 1701) ps polarity 1
net 22: (9 18)->(9 26) 5 1 0 1 #timing (2171 2182) ps  polarity 0
net 22: (9 26)->(9 30) 3 1 0 1 #timing (2654 2533) ps  polarity 0
net 22: (9 30)->(9 30) 1 0 1 1 #timing (2767 2649) ps  polarity 1
net 22: (9 30)->(8 31) 0 3 0 1 #timing (2750 2867) ps  polarity 0
net 24: (26 3)->(26 3) 0 0 0 0 #timing (726 726) ps polarity 1
net 24: (26 3)->(26 3) 1 0 0 0 #timing (797 803) ps polarity 0
net 24: (26 3)->(24 3) 1 2 0 1 #timing (1023 989) ps  polarity 1
net 24: (24 3)->(25 2) 0 3 0 1 #timing (1149 1162) ps  polarity 0
net 25: (24 1)->(25 0) 0 3 0 0 #timing (762 762) ps polarity 1
net 25: (25 0)->(25 0) 1 0 0 0 #timing (861 861) ps polarity 0
net 25: (25 0)->(25 2) 1 1 0 1 #timing (1102 1059) ps  polarity 1
net 25: (25 2)->(24 2) 0 2 0 1 #timing (1153 1218) ps  polarity 0
net 26: (25 3)->(25 2) 0 1 0 0 #timing (827 827) ps polarity 1
net 26: (25 2)->(25 2) 1 0 0 0 #timing (918 917) ps polarity 0
net 26: (25 2)->(25 2) 1 0 1 1 #timing (1123 1089) ps  polarity 1
net 26: (25 2)->(25 3) 0 1 0 1 #timing (1201 1230) ps  polarity 0
net 27: (24 3)->(25 3) 0 2 0 0 #timing (801 800) ps polarity 1
net 27: (25 3)->(25 3) 1 0 0 0 #timing (873 880) ps polarity 0
net 27: (25 3)->(25 3) 1 0 1 1 #timing (1077 1051) ps  polarity 1
net 27: (25 3)->(24 3) 0 2 0 1 #timing (1132 1165) ps  polarity 0
net 31: (26 12)->(26 12) 0 0 0 0 #timing (191 191) ps polarity 0
net 31: (26 12)->(26 12) 1 0 0 0 #timing (262 266) ps polarity 1
net 31: (26 12)->(26 8) 3 1 0 0 #timing (524 477) ps polarity 1
net 31: (26 8)->(26 8) 5 0 0 0 #timing (650 613) ps polarity 0
net 31: (26 8)->(26 0) 5 1 0 1 #timing (968 941) ps  polarity 1
net 31: (26 0)->(26 0) 1 0 1 1 #timing (1145 1138) ps  polarity 0
net 31: (26 0)->(26 1) 0 1 0 1 #timing (1294 1275) ps  polarity 1
net 31: (26 0)->(24 0) 1 2 0 1 #timing (1163 1151) ps  polarity 0
net 31: (24 0)->(24 1) 0 1 0 1 #timing (1309 1303) ps  polarity 1
net 31: (24 0)->(25 0) 0 2 0 1 #timing (1276 1285) ps  polarity 1
net 31: (26 12)->(26 16) 3 4 0 0 #timing (546 494) ps polarity 1
net 31: (26 16)->(22 16) 4 5 0 0 #timing (887 783) ps polarity 1
net 31: (22 16)->(22 18) 1 1 0 1 #timing (1025 1092) ps  polarity 0
net 31: (22 18)->(22 19) 0 1 0 1 #timing (1233 1177) ps  polarity 1
net 31: (22 16)->(20 18) 1 3 0 1 #timing (1046 1113) ps  polarity 0
net 31: (20 18)->(20 19) 0 1 0 1 #timing (1267 1222) ps  polarity 1
net 31: (26 16)->(26 16) 5 0 0 0 #timing (667 629) ps polarity 0
net 31: (26 16)->(18 24) 5 3 0 1 #timing (1309 1270) ps  polarity 0
net 31: (18 24)->(16 24) 1 2 0 1 #timing (1509 1453) ps  polarity 0
net 31: (16 24)->(16 25) 0 1 0 1 #timing (1608 1658) ps  polarity 1
net 31: (26 12)->(26 12) 5 0 0 0 #timing (368 380) ps polarity 0
net 31: (26 12)->(26 4) 5 1 0 1 #timing (672 698) ps  polarity 1
net 31: (26 4)->(26 6) 1 1 0 1 #timing (955 877) ps  polarity 0
net 31: (26 6)->(26 7) 0 1 0 1 #timing (984 1080) ps  polarity 1
net 31: (26 4)->(22 4) 4 5 0 1 #timing (982 957) ps  polarity 1
net 31: (22 4)->(22 6) 1 1 0 1 #timing (1213 1152) ps  polarity 0
net 31: (22 6)->(22 6) 0 0 0 1 #timing (1270 1345) ps  polarity 1
net 31: (26 12)->(26 28) 13 1 0 0 #timing (1005 873) ps polarity 1
net 31: (26 28)->(26 28) 5 0 1 1 #timing (1245 1124) ps  polarity 1
net 31: (26 28)->(22 28) 4 5 0 1 #timing (1617 1439) ps  polarity 0
net 31: (22 28)->(22 30) 1 1 0 1 #timing (1841 1628) ps  polarity 1
net 31: (22 30)->(22 31) 0 1 0 1 #timing (1768 1990) ps  polarity 0
net 31: (22 30)->(23 31) 0 3 0 1 #timing (1769 1991) ps  polarity 0
net 31: (26 28)->(10 28) 13 2 0 0 #timing (1557 1585) ps polarity 0
net 31: (10 28)->(10 28) 5 0 0 1 #timing (1801 1839) ps  polarity 0
net 31: (10 28)->(8 30) 1 3 0 1 #timing (1983 2007) ps  polarity 0
net 31: (8 30)->(8 31) 0 1 0 1 #timing (2118 2115) ps  polarity 1
net 31: (26 12)->(26 13) 0 1 0 0 #timing (199 199) ps polarity 0
net 31: (26 13)->(26 13) 1 0 0 0 #timing (280 281) ps polarity 1
net 31: (26 13)->(26 13) 1 0 1 1 #timing (483 451) ps  polarity 0
net 31: (26 13)->(26 12) 0 1 0 1 #timing (601 609) ps  polarity 1
net 31: (26 13)->(24 13) 1 2 0 1 #timing (501 465) ps  polarity 0
net 31: (24 13)->(24 12) 0 1 0 1 #timing (617 635) ps  polarity 1
net 31: (26 13)->(26 17) 3 4 0 0 #timing (601 534) ps polarity 1
net 31: (26 17)->(26 17) 5 0 0 0 #timing (725 671) ps polarity 0
net 31: (26 17)->(18 25) 5 3 0 1 #timing (1306 1260) ps  polarity 0
net 31: (18 25)->(18 25) 1 0 0 1 #timing (1489 1431) ps  polarity 0
net 31: (18 25)->(18 24) 0 1 0 1 #timing (1575 1613) ps  polarity 1
net 32: (23 21)->(22 21) 0 2 0 0 #timing (771 771) ps polarity 1
net 32: (22 21)->(20 21) 1 2 0 0 #timing (899 891) ps polarity 0
net 32: (20 21)->(20 21) 5 0 1 0 #timing (1012 1056) ps polarity 1
net 32: (20 21)->(20 4) 13 1 1 0 #timing (1688 1522) ps polarity 0
net 32: (20 4)->(20 4) 5 0 0 1 #timing (1917 1764) ps  polarity 0
net 32: (20 4)->(24 4) 4 5 0 1 #timing (2398 2142) ps  polarity 1
net 32: (24 4)->(24 8) 3 4 0 1 #timing (2724 2396) ps  polarity 1
net 32: (24 8)->(26 8) 1 2 0 1 #timing (2852 2519) ps  polarity 0
net 32: (26 8)->(27 8) 0 2 0 1 #timing (2633 2968) ps  polarity 1
net 33: (20 21)->(20 21) 0 0 0 0 #timing (726 726) ps polarity 1
net 33: (20 21)->(22 23) 1 3 0 0 #timing (874 852) ps polarity 0
net 33: (22 23)->(20 21) 1 3 0 1 #timing (1201 1135) ps  polarity 1
net 33: (20 21)->(20 21) 0 0 0 1 #timing (1283 1368) ps  polarity 0
net 33: (22 23)->(22 27) 3 4 0 0 #timing (1230 1233) ps polarity 0
net 33: (22 27)->(20 27) 1 2 0 1 #timing (1512 1458) ps  polarity 1
net 33: (20 27)->(20 26) 0 1 0 1 #timing (1590 1653) ps  polarity 0
net 33: (22 27)->(18 27) 4 2 0 0 #timing (1589 1542) ps polarity 0
net 33: (18 27)->(16 25) 1 3 0 1 #timing (1859 1835) ps  polarity 1
net 33: (16 25)->(17 25) 0 2 0 1 #timing (1968 2019) ps  polarity 0
net 33: (18 27)->(18 27) 5 0 0 0 #timing (1720 1691) ps polarity 1
net 33: (18 27)->(18 10) 13 1 1 0 #timing (2358 2260) ps polarity 0
net 33: (18 10)->(26 2) 5 3 0 1 #timing (3111 2986) ps  polarity 0
net 33: (26 2)->(26 6) 3 1 0 1 #timing (3508 3301) ps  polarity 1
net 33: (26 6)->(26 6) 1 0 1 1 #timing (3613 3409) ps  polarity 0
net 33: (26 6)->(27 7) 0 3 0 1 #timing (3533 3727) ps  polarity 1
net 33: (18 27)->(3 27) 13 2 1 0 #timing (2300 2221) ps polarity 0
net 33: (3 27)->(11 27) 5 2 0 1 #timing (2772 2665) ps  polarity 1
net 33: (11 27)->(11 27) 1 0 1 1 #timing (2866 2940) ps  polarity 0
net 33: (11 27)->(10 27) 0 2 0 1 #timing (3062 2980) ps  polarity 1
net 34: (17 26)->(17 26) 0 0 0 0 #timing (185 185) ps polarity 1
net 34: (17 26)->(19 24) 1 3 0 0 #timing (368 329) ps polarity 0
net 34: (19 24)->(17 26) 1 3 0 1 #timing (683 594) ps  polarity 1
net 34: (17 26)->(17 27) 0 1 0 1 #timing (743 855) ps  polarity 0
net 34: (17 26)->(16 26) 0 2 0 1 #timing (749 858) ps  polarity 0
net 34: (17 26)->(16 27) 0 3 0 1 #timing (766 868) ps  polarity 0
net 34: (19 24)->(15 24) 4 5 0 0 #timing (612 655) ps polarity 0
net 34: (15 24)->(11 24) 4 2 0 1 #timing (870 901) ps  polarity 0
net 34: (11 24)->(11 24) 1 0 1 1 #timing (1059 1065) ps  polarity 1
net 34: (11 24)->(11 25) 0 1 0 1 #timing (1190 1173) ps  polarity 0
net 34: (19 24)->(19 24) 5 0 0 0 #timing (451 536) ps polarity 1
net 34: (19 24)->(19 8) 13 1 0 0 #timing (1124 930) ps polarity 0
net 34: (19 8)->(27 8) 5 2 0 1 #timing (1605 1385) ps  polarity 1
net 34: (27 8)->(27 8) 1 0 1 1 #timing (1584 1772) ps  polarity 0
net 34: (27 8)->(27 8) 0 0 0 1 #timing (1905 1703) ps  polarity 1
net 34: (27 8)->(27 9) 0 1 0 1 #timing (1919 1710) ps  polarity 1
net 34: (27 8)->(26 8) 0 2 0 1 #timing (1894 1697) ps  polarity 1
net 34: (27 8)->(26 9) 0 3 0 1 #timing (1916 1707) ps  polarity 1
net 35: (17 25)->(17 25) 0 0 0 0 #timing (204 204) ps polarity 0
net 35: (17 25)->(19 27) 1 3 0 0 #timing (359 328) ps polarity 1
net 35: (19 27)->(17 25) 1 3 0 1 #timing (686 609) ps  polarity 0
net 35: (17 25)->(16 25) 0 2 0 1 #timing (752 851) ps  polarity 1
net 35: (19 27)->(15 27) 4 5 0 0 #timing (630 676) ps polarity 1
net 35: (15 27)->(11 27) 4 2 0 1 #timing (882 914) ps  polarity 1
net 35: (11 27)->(11 25) 1 1 0 1 #timing (1117 1111) ps  polarity 0
net 35: (11 25)->(10 25) 0 2 0 1 #timing (1243 1258) ps  polarity 1
net 35: (11 27)->(11 31) 3 1 0 1 #timing (1164 1141) ps  polarity 1
net 35: (11 31)->(9 31) 1 2 0 1 #timing (1339 1294) ps  polarity 0
net 35: (9 31)->(8 31) 0 2 0 1 #timing (1432 1507) ps  polarity 1
net 35: (19 27)->(19 27) 5 0 0 0 #timing (465 551) ps polarity 0
net 35: (19 27)->(19 11) 13 1 0 0 #timing (1169 970) ps polarity 1
net 35: (19 11)->(27 11) 5 2 0 1 #timing (1651 1426) ps  polarity 0
net 35: (27 11)->(27 9) 1 1 0 1 #timing (1665 1847) ps  polarity 1
net 35: (27 9)->(27 8) 0 1 0 1 #timing (1978 1803) ps  polarity 0
net 35: (27 11)->(27 7) 3 4 0 1 #timing (1846 1968) ps  polarity 0
net 35: (27 7)->(27 7) 1 0 1 1 #timing (1940 2067) ps  polarity 1
net 35: (27 7)->(26 7) 0 2 0 1 #timing (2198 2058) ps  polarity 0
net 38: (16 27)->(16 27) 0 0 0 0 #timing (726 726) ps polarity 1
net 38: (16 27)->(18 25) 1 3 0 0 #timing (906 870) ps polarity 0
net 38: (18 25)->(18 25) 5 0 1 0 #timing (1001 1088) ps polarity 1
net 38: (18 25)->(18 8) 13 1 1 0 #timing (1728 1522) ps polarity 0
net 38: (18 8)->(26 8) 5 2 0 1 #timing (2243 2002) ps  polarity 1
net 38: (26 8)->(26 8) 1 0 1 1 #timing (2206 2413) ps  polarity 0
net 38: (26 8)->(26 8) 0 0 0 1 #timing (2516 2307) ps  polarity 1
net 39: (27 11)->(27 11) 0 0 0 0 #timing (156 156) ps polarity 1
net 39: (27 11)->(25 9) 1 3 0 0 #timing (342 303) ps polarity 0
net 39: (25 9)->(27 9) 1 2 0 1 #timing (656 572) ps  polarity 1
net 39: (27 9)->(26 8) 0 3 0 1 #timing (692 803) ps  polarity 0
net 40: (25 1)->(25 1) 0 0 0 0 #timing (199 199) ps polarity 0
net 40: (25 1)->(27 3) 1 3 0 0 #timing (369 340) ps polarity 1
net 40: (27 3)->(27 1) 1 1 0 1 #timing (649 591) ps  polarity 0
net 40: (27 1)->(26 1) 0 2 0 1 #timing (725 791) ps  polarity 1
net 44: (16 25)->(16 25) 0 0 0 0 #timing (680 680) ps polarity 1
net 44: (16 25)->(18 27) 1 3 0 0 #timing (827 805) ps polarity 0
net 44: (18 27)->(16 27) 1 2 0 1 #timing (1113 1060) ps  polarity 1
net 44: (16 27)->(17 27) 0 2 0 1 #timing (1178 1242) ps  polarity 0
net 45: (27 10)->(27 10) 0 0 0 0 #timing (637 637) ps polarity 1
net 45: (27 10)->(27 8) 1 1 0 0 #timing (754 745) ps polarity 0
net 45: (27 8)->(27 8) 5 0 1 0 #timing (857 894) ps polarity 1
net 45: (27 8)->(27 25) 13 1 1 0 #timing (1591 1418) ps polarity 0
net 45: (27 25)->(19 25) 5 2 0 1 #timing (2037 1843) ps  polarity 1
net 45: (19 25)->(17 27) 1 3 0 1 #timing (2130 2258) ps  polarity 0
net 45: (17 27)->(17 27) 0 0 0 1 #timing (2396 2295) ps  polarity 1
net 46: (17 27)->(17 27) 0 0 0 0 #timing (686 686) ps polarity 1
net 46: (17 27)->(17 27) 1 0 0 0 #timing (760 765) ps polarity 0
net 46: (17 27)->(17 27) 1 0 1 1 #timing (963 936) ps  polarity 1
net 46: (17 27)->(16 27) 0 2 0 1 #timing (1058 1077) ps  polarity 0
net 47: (26 10)->(26 10) 0 0 0 0 #timing (649 649) ps polarity 1
net 47: (26 10)->(24 8) 1 3 0 0 #timing (794 773) ps polarity 0
net 47: (24 8)->(24 8) 5 0 1 0 #timing (898 963) ps polarity 1
net 47: (24 8)->(24 25) 13 1 1 0 #timing (1609 1421) ps polarity 0
net 47: (24 25)->(16 25) 5 2 0 1 #timing (2109 1884) ps  polarity 1
net 47: (16 25)->(16 27) 1 1 0 1 #timing (2140 2311) ps  polarity 0
net 47: (16 27)->(16 27) 0 0 0 1 #timing (2457 2292) ps  polarity 1
net 51: (20 19)->(20 19) 0 0 0 0 #timing (680 680) ps polarity 1
net 51: (20 19)->(22 17) 1 3 0 0 #timing (865 825) ps polarity 0
net 51: (22 17)->(22 21) 3 1 0 0 #timing (1126 1160) ps polarity 0
net 51: (22 21)->(20 21) 1 2 0 1 #timing (1400 1382) ps  polarity 1
net 51: (20 21)->(20 20) 0 1 0 1 #timing (1514 1541) ps  polarity 0
net 51: (20 21)->(21 21) 0 2 0 1 #timing (1509 1538) ps  polarity 0
net 51: (20 21)->(21 20) 0 3 0 1 #timing (1527 1547) ps  polarity 0
net 51: (22 21)->(22 25) 3 4 0 1 #timing (1590 1498) ps  polarity 0
net 51: (22 25)->(20 27) 1 3 0 1 #timing (1788 1663) ps  polarity 1
net 51: (20 27)->(21 27) 0 2 0 1 #timing (1804 1956) ps  polarity 0
net 51: (22 21)->(18 21) 4 2 0 0 #timing (1459 1448) ps polarity 0
net 51: (18 21)->(18 25) 3 4 0 1 #timing (1872 1790) ps  polarity 0
net 51: (18 25)->(16 27) 1 3 0 1 #timing (2045 1941) ps  polarity 1
net 51: (16 27)->(17 26) 0 3 0 1 #timing (2082 2211) ps  polarity 0
net 52: (21 21)->(21 21) 0 0 0 0 #timing (686 686) ps polarity 1
net 52: (21 21)->(23 23) 1 3 0 0 #timing (814 802) ps polarity 0
net 52: (23 23)->(21 21) 1 3 0 1 #timing (1121 1066) ps  polarity 1
net 52: (21 21)->(21 21) 0 0 0 1 #timing (1190 1269) ps  polarity 0
net 52: (21 21)->(21 20) 0 1 0 1 #timing (1162 1249) ps  polarity 0
net 52: (23 23)->(23 27) 3 4 0 0 #timing (1191 1156) ps polarity 0
net 52: (23 27)->(21 27) 1 2 0 1 #timing (1442 1366) ps  polarity 1
net 52: (21 27)->(20 27) 0 2 0 1 #timing (1455 1554) ps  polarity 0
net 52: (23 27)->(19 27) 4 2 0 0 #timing (1473 1424) ps polarity 0
net 52: (19 27)->(17 27) 1 2 0 1 #timing (1674 1685) ps  polarity 1
net 52: (17 27)->(17 26) 0 1 0 1 #timing (1816 1823) ps  polarity 0
net 54: (21 19)->(21 18) 0 1 0 0 #timing (203 203) ps polarity 0
net 54: (21 18)->(23 16) 1 3 0 0 #timing (382 344) ps polarity 1
net 54: (23 16)->(23 18) 1 1 0 1 #timing (669 592) ps  polarity 0
net 54: (23 18)->(22 19) 0 3 0 1 #timing (717 809) ps  polarity 1
net 54: (23 16)->(23 12) 3 4 0 0 #timing (679 692) ps polarity 1
net 54: (23 12)->(27 12) 4 5 0 0 #timing (1048 1006) ps polarity 1
net 54: (27 12)->(27 12) 1 0 1 1 #timing (1213 1227) ps  polarity 0
net 54: (27 12)->(26 12) 0 2 0 1 #timing (1356 1330) ps  polarity 1
net 56: (18 24)->(18 24) 0 0 0 0 #timing (704 704) ps polarity 1
net 56: (18 24)->(16 26) 1 3 0 0 #timing (860 833) ps polarity 0
net 56: (16 26)->(16 26) 1 0 0 1 #timing (1106 1061) ps  polarity 1
net 56: (16 26)->(16 26) 0 0 0 1 #timing (1166 1207) ps  polarity 0
net 56: (16 26)->(16 27) 0 1 0 1 #timing (1181 1218) ps  polarity 0
net 56: (16 26)->(17 27) 0 3 0 1 #timing (1176 1215) ps  polarity 0
net 56: (16 26)->(20 26) 4 2 0 0 #timing (1124 1179) ps polarity 0
net 56: (20 26)->(20 26) 1 0 1 1 #timing (1383 1299) ps  polarity 1
net 56: (20 26)->(21 26) 0 2 0 1 #timing (1439 1507) ps  polarity 0
net 56: (20 26)->(20 26) 5 0 0 0 #timing (1244 1314) ps polarity 1
net 56: (20 26)->(20 11) 13 1 1 0 #timing (1937 1750) ps polarity 0
net 56: (20 11)->(20 11) 5 0 0 1 #timing (2143 1972) ps  polarity 0
net 56: (20 11)->(24 11) 4 5 0 1 #timing (2533 2287) ps  polarity 1
net 56: (24 11)->(26 9) 1 3 0 1 #timing (2820 2509) ps  polarity 0
net 56: (26 9)->(26 9) 0 0 0 1 #timing (2652 2967) ps  polarity 1
net 56: (26 9)->(26 8) 0 1 0 1 #timing (2620 2949) ps  polarity 1
net 56: (26 9)->(27 9) 0 2 0 1 #timing (2645 2964) ps  polarity 1
net 56: (26 9)->(27 8) 0 3 0 1 #timing (2651 2966) ps  polarity 1
net 56: (20 26)->(5 26) 13 2 1 0 #timing (1931 1745) ps polarity 0
net 56: (5 26)->(13 18) 5 3 0 1 #timing (2694 2485) ps  polarity 0
net 56: (13 18)->(17 18) 4 5 0 1 #timing (2810 2988) ps  polarity 1
net 56: (17 18)->(17 22) 3 1 0 1 #timing (3093 3219) ps  polarity 1
net 56: (17 22)->(19 22) 1 2 0 1 #timing (3254 3366) ps  polarity 0
net 56: (19 22)->(18 23) 0 3 0 1 #timing (3535 3407) ps  polarity 1
net 56: (16 26)->(12 26) 4 5 0 0 #timing (1170 1191) ps polarity 0
net 56: (12 26)->(8 26) 4 2 0 1 #timing (1431 1441) ps  polarity 0
net 56: (8 26)->(10 26) 1 2 0 1 #timing (1647 1626) ps  polarity 1
net 56: (10 26)->(10 27) 0 1 0 1 #timing (1741 1764) ps  polarity 0
net 57: (27 9)->(27 9) 0 0 0 0 #timing (686 686) ps polarity 1
net 57: (27 9)->(25 11) 1 3 0 0 #timing (843 818) ps polarity 0
net 57: (25 11)->(27 9) 1 3 0 1 #timing (1188 1109) ps  polarity 1
net 57: (27 9)->(26 9) 0 2 0 1 #timing (1235 1350) ps  polarity 0
net 58: (27 12)->(26 12) 0 2 0 0 #timing (664 664) ps polarity 1
net 58: (26 12)->(24 14) 1 3 0 0 #timing (815 786) ps polarity 0
net 58: (24 14)->(24 10) 3 1 0 0 #timing (1091 1108) ps polarity 0
net 58: (24 10)->(26 8) 1 3 0 1 #timing (1369 1331) ps  polarity 1
net 58: (26 8)->(26 9) 0 1 0 1 #timing (1473 1520) ps  polarity 0
net 60: (10 27)->(10 27) 0 0 0 0 #timing (191 191) ps polarity 0
net 60: (10 27)->(10 27) 1 0 0 0 #timing (262 268) ps polarity 1
net 60: (10 27)->(10 31) 3 1 0 0 #timing (549 491) ps polarity 1
net 60: (10 31)->(8 31) 1 2 0 1 #timing (783 683) ps  polarity 0
net 60: (8 31)->(8 31) 0 0 0 1 #timing (784 892) ps  polarity 1
net 62: (21 20)->(21 21) 0 1 0 0 #timing (192 192) ps polarity 1
net 62: (21 21)->(21 21) 1 0 0 0 #timing (273 275) ps polarity 0
net 62: (21 21)->(17 21) 4 2 0 1 #timing (645 584) ps  polarity 0
net 62: (17 21)->(19 23) 1 3 0 1 #timing (910 800) ps  polarity 1
net 62: (19 23)->(18 23) 0 2 0 1 #timing (943 1074) ps  polarity 0
net 62: (21 20)->(20 20) 0 2 0 0 #timing (193 193) ps polarity 1
net 62: (20 20)->(20 20) 1 0 0 0 #timing (276 277) ps polarity 0
net 62: (20 20)->(20 24) 3 4 0 0 #timing (557 508) ps polarity 0
net 62: (20 24)->(16 24) 4 2 0 0 #timing (870 786) ps polarity 0
net 62: (16 24)->(16 26) 1 1 0 1 #timing (1039 1084) ps  polarity 1
net 62: (16 26)->(17 26) 0 2 0 1 #timing (1190 1165) ps  polarity 0
net 64: (27 7)->(27 6) 0 1 0 0 #timing (719 719) ps polarity 1
net 64: (27 6)->(25 6) 1 2 0 0 #timing (872 853) ps polarity 0
net 64: (25 6)->(25 2) 3 1 0 0 #timing (1172 1169) ps polarity 0
net 64: (25 2)->(25 2) 5 0 1 0 #timing (1303 1312) ps polarity 1
net 64: (25 2)->(25 19) 13 1 1 0 #timing (1997 1855) ps polarity 0
net 64: (25 19)->(17 27) 5 3 0 1 #timing (2836 2672) ps  polarity 0
net 64: (17 27)->(17 27) 1 0 0 1 #timing (3020 2844) ps  polarity 0
net 64: (17 27)->(16 26) 0 3 0 1 #timing (2981 3141) ps  polarity 1
net 65: (22 21)->(22 21) 0 0 0 0 #timing (797 797) ps polarity 1
net 65: (22 21)->(20 23) 1 3 0 0 #timing (954 927) ps polarity 0
net 65: (20 23)->(20 27) 3 4 0 0 #timing (1286 1275) ps polarity 0
net 65: (20 27)->(16 27) 4 2 0 0 #timing (1597 1550) ps polarity 0
net 65: (16 27)->(16 27) 1 0 1 1 #timing (1760 1779) ps  polarity 1
net 65: (16 27)->(16 26) 0 1 0 1 #timing (1905 1876) ps  polarity 0
net 67: (20 25)->(21 25) 0 2 0 0 #timing (389 389) ps polarity 0
net 67: (21 25)->(21 25) 1 0 0 0 #timing (467 464) ps polarity 1
net 67: (21 25)->(21 21) 3 4 0 1 #timing (918 799) ps  polarity 1
net 67: (21 21)->(21 21) 1 0 1 1 #timing (1015 899) ps  polarity 0
net 67: (21 21)->(20 21) 0 2 0 1 #timing (1025 1131) ps  polarity 1
net 68: (26 7)->(26 6) 0 1 0 0 #timing (700 700) ps polarity 1
net 68: (26 6)->(26 6) 1 0 0 0 #timing (788 791) ps polarity 0
net 68: (26 6)->(26 10) 3 4 0 1 #timing (1185 1094) ps  polarity 0
net 68: (26 10)->(26 8) 1 1 0 1 #timing (1327 1228) ps  polarity 1
net 68: (26 8)->(27 9) 0 3 0 1 #timing (1382 1481) ps  polarity 0
net 69: (26 11)->(27 11) 0 2 0 0 #timing (174 174) ps polarity 1
net 69: (27 11)->(27 9) 1 1 0 0 #timing (309 296) ps polarity 0
net 69: (27 9)->(27 9) 1 0 1 1 #timing (527 488) ps  polarity 1
net 69: (27 9)->(27 9) 0 0 0 1 #timing (589 628) ps  polarity 0
net 72: (20 20)->(21 21) 0 3 0 0 #timing (191 191) ps polarity 0
net 72: (21 21)->(21 23) 1 1 0 0 #timing (317 306) ps polarity 1
net 72: (21 23)->(21 19) 3 1 0 0 #timing (594 580) ps polarity 1
net 72: (21 19)->(21 19) 5 0 0 0 #timing (727 723) ps polarity 0
net 72: (21 19)->(21 3) 13 1 0 0 #timing (1401 1273) ps polarity 1
net 72: (21 3)->(21 3) 5 0 1 1 #timing (1640 1521) ps  polarity 1
net 72: (21 3)->(25 3) 4 5 0 1 #timing (2033 1852) ps  polarity 0
net 72: (25 3)->(25 3) 1 0 0 1 #timing (2220 2016) ps  polarity 1
net 72: (25 3)->(25 3) 0 0 0 1 #timing (2100 2311) ps  polarity 0
net 73: (24 2)->(24 3) 0 1 0 0 #timing (189 189) ps polarity 1
net 73: (24 3)->(24 3) 1 0 0 0 #timing (279 276) ps polarity 0
net 73: (24 3)->(24 3) 5 0 0 0 #timing (379 399) ps polarity 1
net 73: (24 3)->(24 11) 5 1 0 1 #timing (736 748) ps  polarity 0
net 73: (24 11)->(26 11) 1 2 0 1 #timing (984 925) ps  polarity 1
net 73: (26 11)->(26 11) 0 0 0 1 #timing (1060 1113) ps  polarity 0
net 76: (20 26)->(20 26) 0 0 0 0 #timing (166 166) ps polarity 1
net 76: (20 26)->(22 24) 1 3 0 0 #timing (338 304) ps polarity 0
net 76: (22 24)->(22 20) 3 4 0 1 #timing (852 708) ps  polarity 0
net 76: (22 20)->(20 20) 1 2 0 1 #timing (1003 848) ps  polarity 1
net 76: (20 20)->(21 20) 0 2 0 1 #timing (973 1144) ps  polarity 0
net 76: (20 26)->(21 26) 0 2 0 0 #timing (180 180) ps polarity 1
net 76: (21 26)->(23 24) 1 3 0 0 #timing (356 320) ps polarity 0
net 76: (23 24)->(23 20) 3 4 0 1 #timing (881 734) ps  polarity 0
net 76: (23 20)->(21 20) 1 2 0 1 #timing (1019 869) ps  polarity 1
net 76: (21 20)->(21 21) 0 1 0 1 #timing (986 1147) ps  polarity 0
net 77: (21 27)->(21 27) 0 0 0 0 #timing (423 423) ps polarity 0
net 77: (21 27)->(23 25) 1 3 0 0 #timing (587 560) ps polarity 1
net 77: (23 25)->(23 21) 3 4 0 1 #timing (1073 949) ps  polarity 1
net 77: (23 21)->(21 21) 1 2 0 1 #timing (1212 1085) ps  polarity 0
net 77: (21 21)->(20 20) 0 3 0 1 #timing (1197 1343) ps  polarity 1
