####   Resource Utilization Report   ####

    Top level module name: ntt_top

    Resource usage:

        CLB LUT5s:    42/1120 (3.75%)
            Lut5:                          42 (3.75%)
            Lut5 for Shift-register:       0 (0.00%)
            Lut5 for Distributed memory:   0 (0.00%)

        FFs:    39
        CLB FFs: 35/1120 (3.13%)
        IOB FFs: 4/736 (0.54%)

        CLBs:      12/140 (8.57%)
        Tiles:     1/1 (100.00%)

        RTL Input ports:     4 
        RTL Output ports:    5 
        GPIOs:               4/19 (21.05%)

        PLLs:        0/1 (0.00%)
        OSCs:        1/1 (100.00%)
        4k BRAMs:    1/8 (12.50%)

        1 Clock
           Clock 0: net     2, clk, Fanout: 14 CLBs
           Total 1 unique clocks

####   Resource Utilization Complete   ####

TILE-REQ:		0		0		0		1

### Total FPGA resources from current floorplan: ###
                       184 IOBs
                       140 Logic 6-LUT CLBs
                              40 CLBs support RAM/SR

Usage of Logic CLBs is 8.6%.
    Logic-Memory CLB for RAM/Shift-Register is 0.0%.
Usage of LUTs is 5.4%.
    dual-LUTs is 0.9%.
Usage of FF is 4.8%.
    dual-FF is 1.4%.
Usage of IO CLB is 3.3%.
